Archive member included to satisfy reference by file (symbol)

c:/st/stm32cubeide_1.3.0/stm32cubeide/plugins/com.st.stm32cube.ide.mcu.externaltools.gnu-tools-for-stm32.7-2018-q2-update.win32_1.0.0.201904181610/tools/bin/../lib/gcc/arm-none-eabi/7.3.1/../../../../arm-none-eabi/lib/thumb/v7-m\libc_nano.a(lib_a-errno.o)
                              Core/Src/syscalls.o (__errno)
c:/st/stm32cubeide_1.3.0/stm32cubeide/plugins/com.st.stm32cube.ide.mcu.externaltools.gnu-tools-for-stm32.7-2018-q2-update.win32_1.0.0.201904181610/tools/bin/../lib/gcc/arm-none-eabi/7.3.1/../../../../arm-none-eabi/lib/thumb/v7-m\libc_nano.a(lib_a-exit.o)
                              c:/st/stm32cubeide_1.3.0/stm32cubeide/plugins/com.st.stm32cube.ide.mcu.externaltools.gnu-tools-for-stm32.7-2018-q2-update.win32_1.0.0.201904181610/tools/bin/../lib/gcc/arm-none-eabi/7.3.1/../../../../arm-none-eabi/lib/thumb/v7-m/crt0.o (exit)
c:/st/stm32cubeide_1.3.0/stm32cubeide/plugins/com.st.stm32cube.ide.mcu.externaltools.gnu-tools-for-stm32.7-2018-q2-update.win32_1.0.0.201904181610/tools/bin/../lib/gcc/arm-none-eabi/7.3.1/../../../../arm-none-eabi/lib/thumb/v7-m\libc_nano.a(lib_a-impure.o)
                              c:/st/stm32cubeide_1.3.0/stm32cubeide/plugins/com.st.stm32cube.ide.mcu.externaltools.gnu-tools-for-stm32.7-2018-q2-update.win32_1.0.0.201904181610/tools/bin/../lib/gcc/arm-none-eabi/7.3.1/../../../../arm-none-eabi/lib/thumb/v7-m\libc_nano.a(lib_a-exit.o) (_global_impure_ptr)
c:/st/stm32cubeide_1.3.0/stm32cubeide/plugins/com.st.stm32cube.ide.mcu.externaltools.gnu-tools-for-stm32.7-2018-q2-update.win32_1.0.0.201904181610/tools/bin/../lib/gcc/arm-none-eabi/7.3.1/../../../../arm-none-eabi/lib/thumb/v7-m\libc_nano.a(lib_a-init.o)
                              c:/st/stm32cubeide_1.3.0/stm32cubeide/plugins/com.st.stm32cube.ide.mcu.externaltools.gnu-tools-for-stm32.7-2018-q2-update.win32_1.0.0.201904181610/tools/bin/../lib/gcc/arm-none-eabi/7.3.1/../../../../arm-none-eabi/lib/thumb/v7-m/crt0.o (__libc_init_array)
c:/st/stm32cubeide_1.3.0/stm32cubeide/plugins/com.st.stm32cube.ide.mcu.externaltools.gnu-tools-for-stm32.7-2018-q2-update.win32_1.0.0.201904181610/tools/bin/../lib/gcc/arm-none-eabi/7.3.1/../../../../arm-none-eabi/lib/thumb/v7-m\libc_nano.a(lib_a-memset.o)
                              c:/st/stm32cubeide_1.3.0/stm32cubeide/plugins/com.st.stm32cube.ide.mcu.externaltools.gnu-tools-for-stm32.7-2018-q2-update.win32_1.0.0.201904181610/tools/bin/../lib/gcc/arm-none-eabi/7.3.1/../../../../arm-none-eabi/lib/thumb/v7-m/crt0.o (memset)

Allocating common symbols
Common symbol       size              file

adcResultX          0x4               Core/Src/main.o
uwTick              0x4               Drivers/STM32F1xx_HAL_Driver/Src/stm32f1xx_hal.o
pFlash              0x20              Drivers/STM32F1xx_HAL_Driver/Src/stm32f1xx_hal_flash.o
hadc1               0x30              Core/Src/main.o
adcResultY          0x4               Core/Src/main.o

Discarded input sections

 .text          0x0000000000000000        0x0 c:/st/stm32cubeide_1.3.0/stm32cubeide/plugins/com.st.stm32cube.ide.mcu.externaltools.gnu-tools-for-stm32.7-2018-q2-update.win32_1.0.0.201904181610/tools/bin/../lib/gcc/arm-none-eabi/7.3.1/thumb/v7-m/crti.o
 .data          0x0000000000000000        0x0 c:/st/stm32cubeide_1.3.0/stm32cubeide/plugins/com.st.stm32cube.ide.mcu.externaltools.gnu-tools-for-stm32.7-2018-q2-update.win32_1.0.0.201904181610/tools/bin/../lib/gcc/arm-none-eabi/7.3.1/thumb/v7-m/crti.o
 .bss           0x0000000000000000        0x0 c:/st/stm32cubeide_1.3.0/stm32cubeide/plugins/com.st.stm32cube.ide.mcu.externaltools.gnu-tools-for-stm32.7-2018-q2-update.win32_1.0.0.201904181610/tools/bin/../lib/gcc/arm-none-eabi/7.3.1/thumb/v7-m/crti.o
 .data          0x0000000000000000        0x4 c:/st/stm32cubeide_1.3.0/stm32cubeide/plugins/com.st.stm32cube.ide.mcu.externaltools.gnu-tools-for-stm32.7-2018-q2-update.win32_1.0.0.201904181610/tools/bin/../lib/gcc/arm-none-eabi/7.3.1/thumb/v7-m/crtbegin.o
 .text          0x0000000000000000       0x74 c:/st/stm32cubeide_1.3.0/stm32cubeide/plugins/com.st.stm32cube.ide.mcu.externaltools.gnu-tools-for-stm32.7-2018-q2-update.win32_1.0.0.201904181610/tools/bin/../lib/gcc/arm-none-eabi/7.3.1/../../../../arm-none-eabi/lib/thumb/v7-m/crt0.o
 .data          0x0000000000000000        0x0 c:/st/stm32cubeide_1.3.0/stm32cubeide/plugins/com.st.stm32cube.ide.mcu.externaltools.gnu-tools-for-stm32.7-2018-q2-update.win32_1.0.0.201904181610/tools/bin/../lib/gcc/arm-none-eabi/7.3.1/../../../../arm-none-eabi/lib/thumb/v7-m/crt0.o
 .bss           0x0000000000000000        0x0 c:/st/stm32cubeide_1.3.0/stm32cubeide/plugins/com.st.stm32cube.ide.mcu.externaltools.gnu-tools-for-stm32.7-2018-q2-update.win32_1.0.0.201904181610/tools/bin/../lib/gcc/arm-none-eabi/7.3.1/../../../../arm-none-eabi/lib/thumb/v7-m/crt0.o
[...]
Memory Configuration

Name             Origin             Length             Attributes
RAM              0x0000000020000000 0x0000000000002800 xrw
FLASH            0x0000000008000000 0x0000000000008000 xr
*default*        0x0000000000000000 0xffffffffffffffff

Linker script and memory map

LOAD c:/st/stm32cubeide_1.3.0/stm32cubeide/plugins/com.st.stm32cube.ide.mcu.externaltools.gnu-tools-for-stm32.7-2018-q2-update.win32_1.0.0.201904181610/tools/bin/../lib/gcc/arm-none-eabi/7.3.1/thumb/v7-m/crti.o
LOAD c:/st/stm32cubeide_1.3.0/stm32cubeide/plugins/com.st.stm32cube.ide.mcu.externaltools.gnu-tools-for-stm32.7-2018-q2-update.win32_1.0.0.201904181610/tools/bin/../lib/gcc/arm-none-eabi/7.3.1/thumb/v7-m/crtbegin.o
LOAD c:/st/stm32cubeide_1.3.0/stm32cubeide/plugins/com.st.stm32cube.ide.mcu.externaltools.gnu-tools-for-stm32.7-2018-q2-update.win32_1.0.0.201904181610/tools/bin/../lib/gcc/arm-none-eabi/7.3.1/../../../../arm-none-eabi/lib/thumb/v7-m/crt0.o
LOAD Core/Src/main.o
LOAD Core/Src/stm32f1xx_hal_msp.o
LOAD Core/Src/stm32f1xx_it.o
LOAD Core/Src/syscalls.o
LOAD Core/Src/sysmem.o
LOAD Core/Src/system_stm32f1xx.o
LOAD Core/Startup/startup_stm32f103c6tx.o
LOAD Drivers/STM32F1xx_HAL_Driver/Src/stm32f1xx_hal.o
LOAD Drivers/STM32F1xx_HAL_Driver/Src/stm32f1xx_hal_adc.o
LOAD Drivers/STM32F1xx_HAL_Driver/Src/stm32f1xx_hal_adc_ex.o
LOAD Drivers/STM32F1xx_HAL_Driver/Src/stm32f1xx_hal_cortex.o
LOAD Drivers/STM32F1xx_HAL_Driver/Src/stm32f1xx_hal_dma.o
LOAD Drivers/STM32F1xx_HAL_Driver/Src/stm32f1xx_hal_exti.o
LOAD Drivers/STM32F1xx_HAL_Driver/Src/stm32f1xx_hal_flash.o
LOAD Drivers/STM32F1xx_HAL_Driver/Src/stm32f1xx_hal_flash_ex.o
LOAD Drivers/STM32F1xx_HAL_Driver/Src/stm32f1xx_hal_gpio.o
LOAD Drivers/STM32F1xx_HAL_Driver/Src/stm32f1xx_hal_gpio_ex.o
LOAD Drivers/STM32F1xx_HAL_Driver/Src/stm32f1xx_hal_pwr.o
LOAD Drivers/STM32F1xx_HAL_Driver/Src/stm32f1xx_hal_rcc.o
LOAD Drivers/STM32F1xx_HAL_Driver/Src/stm32f1xx_hal_rcc_ex.o
LOAD Drivers/STM32F1xx_HAL_Driver/Src/stm32f1xx_hal_tim.o
LOAD Drivers/STM32F1xx_HAL_Driver/Src/stm32f1xx_hal_tim_ex.o
START GROUP
LOAD c:/st/stm32cubeide_1.3.0/stm32cubeide/plugins/com.st.stm32cube.ide.mcu.externaltools.gnu-tools-for-stm32.7-2018-q2-update.win32_1.0.0.201904181610/tools/bin/../lib/gcc/arm-none-eabi/7.3.1/../../../../arm-none-eabi/lib/thumb/v7-m\libc_nano.a
LOAD c:/st/stm32cubeide_1.3.0/stm32cubeide/plugins/com.st.stm32cube.ide.mcu.externaltools.gnu-tools-for-stm32.7-2018-q2-update.win32_1.0.0.201904181610/tools/bin/../lib/gcc/arm-none-eabi/7.3.1/../../../../arm-none-eabi/lib/thumb/v7-m\libm.a
END GROUP
START GROUP
LOAD c:/st/stm32cubeide_1.3.0/stm32cubeide/plugins/com.st.stm32cube.ide.mcu.externaltools.gnu-tools-for-stm32.7-2018-q2-update.win32_1.0.0.201904181610/tools/bin/../lib/gcc/arm-none-eabi/7.3.1/thumb/v7-m\libgcc.a
LOAD c:/st/stm32cubeide_1.3.0/stm32cubeide/plugins/com.st.stm32cube.ide.mcu.externaltools.gnu-tools-for-stm32.7-2018-q2-update.win32_1.0.0.201904181610/tools/bin/../lib/gcc/arm-none-eabi/7.3.1/../../../../arm-none-eabi/lib/thumb/v7-m\libc_nano.a
END GROUP
START GROUP
LOAD c:/st/stm32cubeide_1.3.0/stm32cubeide/plugins/com.st.stm32cube.ide.mcu.externaltools.gnu-tools-for-stm32.7-2018-q2-update.win32_1.0.0.201904181610/tools/bin/../lib/gcc/arm-none-eabi/7.3.1/thumb/v7-m\libgcc.a
LOAD c:/st/stm32cubeide_1.3.0/stm32cubeide/plugins/com.st.stm32cube.ide.mcu.externaltools.gnu-tools-for-stm32.7-2018-q2-update.win32_1.0.0.201904181610/tools/bin/../lib/gcc/arm-none-eabi/7.3.1/../../../../arm-none-eabi/lib/thumb/v7-m\libc_nano.a
LOAD c:/st/stm32cubeide_1.3.0/stm32cubeide/plugins/com.st.stm32cube.ide.mcu.externaltools.gnu-tools-for-stm32.7-2018-q2-update.win32_1.0.0.201904181610/tools/bin/../lib/gcc/arm-none-eabi/7.3.1/../../../../arm-none-eabi/lib/thumb/v7-m\libnosys.a
END GROUP
START GROUP
LOAD c:/st/stm32cubeide_1.3.0/stm32cubeide/plugins/com.st.stm32cube.ide.mcu.externaltools.gnu-tools-for-stm32.7-2018-q2-update.win32_1.0.0.201904181610/tools/bin/../lib/gcc/arm-none-eabi/7.3.1/thumb/v7-m\libgcc.a
LOAD c:/st/stm32cubeide_1.3.0/stm32cubeide/plugins/com.st.stm32cube.ide.mcu.externaltools.gnu-tools-for-stm32.7-2018-q2-update.win32_1.0.0.201904181610/tools/bin/../lib/gcc/arm-none-eabi/7.3.1/../../../../arm-none-eabi/lib/thumb/v7-m\libc_nano.a
LOAD c:/st/stm32cubeide_1.3.0/stm32cubeide/plugins/com.st.stm32cube.ide.mcu.externaltools.gnu-tools-for-stm32.7-2018-q2-update.win32_1.0.0.201904181610/tools/bin/../lib/gcc/arm-none-eabi/7.3.1/../../../../arm-none-eabi/lib/thumb/v7-m\libnosys.a
END GROUP
LOAD c:/st/stm32cubeide_1.3.0/stm32cubeide/plugins/com.st.stm32cube.ide.mcu.externaltools.gnu-tools-for-stm32.7-2018-q2-update.win32_1.0.0.201904181610/tools/bin/../lib/gcc/arm-none-eabi/7.3.1/thumb/v7-m/crtend.o
LOAD c:/st/stm32cubeide_1.3.0/stm32cubeide/plugins/com.st.stm32cube.ide.mcu.externaltools.gnu-tools-for-stm32.7-2018-q2-update.win32_1.0.0.201904181610/tools/bin/../lib/gcc/arm-none-eabi/7.3.1/thumb/v7-m/crtn.o
                0x0000000020002800                _estack = (ORIGIN (RAM) + LENGTH (RAM))
                0x0000000000000200                _Min_Heap_Size = 0x200
                0x0000000000000400                _Min_Stack_Size = 0x400

.isr_vector     0x0000000008000000      0x10c
                0x0000000008000000                . = ALIGN (0x4)
 *(.isr_vector)
 .isr_vector    0x0000000008000000      0x10c Core/Startup/startup_stm32f103c6tx.o
                0x0000000008000000                g_pfnVectors
                0x000000000800010c                . = ALIGN (0x4)

.text           0x000000000800010c     0x23b4
                0x000000000800010c                . = ALIGN (0x4)
 *(.text)
 .text          0x000000000800010c       0x40 c:/st/stm32cubeide_1.3.0/stm32cubeide/plugins/com.st.stm32cube.ide.mcu.externaltools.gnu-tools-for-stm32.7-2018-q2-update.win32_1.0.0.201904181610/tools/bin/../lib/gcc/arm-none-eabi/7.3.1/thumb/v7-m/crtbegin.o
 *(.text*)
 .text.ADC_SELECT_CH0
                0x000000000800014c       0x3c Core/Src/main.o
                0x000000000800014c                ADC_SELECT_CH0
 .text.ADC_SELECT_CH1
                0x0000000008000188       0x38 Core/Src/main.o
                0x0000000008000188                ADC_SELECT_CH1
 .text.main     0x00000000080001c0       0x8c Core/Src/main.o
                0x00000000080001c0                main
 .text.SystemClock_Config
                0x000000000800024c       0xa0 Core/Src/main.o
                0x000000000800024c                SystemClock_Config
 .text.MX_ADC1_Init
                0x00000000080002ec       0x60 Core/Src/main.o
 .text.MX_GPIO_Init
                0x000000000800034c       0xd4 Core/Src/main.o
 .text.initAxes
                0x0000000008000420      0x174 Core/Src/main.o
                0x0000000008000420                initAxes
 .text.setAxis  0x0000000008000594       0x50 Core/Src/main.o
                0x0000000008000594                setAxis
 .text.setAxisJ
                0x00000000080005e4      0x100 Core/Src/main.o
                0x00000000080005e4                setAxisJ
 .text.setAxisD
                0x00000000080006e4      0x100 Core/Src/main.o
                0x00000000080006e4                setAxisD
 .text.getADCValues
                0x00000000080007e4       0xa0 Core/Src/main.o
                0x00000000080007e4                getADCValues
 .text.Error_Handler
                0x0000000008000884        0xc Core/Src/main.o
                0x0000000008000884                Error_Handler
 .text.HAL_MspInit
                0x0000000008000890       0x64 Core/Src/stm32f1xx_hal_msp.o
                0x0000000008000890                HAL_MspInit
 .text.HAL_ADC_MspInit
                0x00000000080008f4       0x78 Core/Src/stm32f1xx_hal_msp.o
                0x00000000080008f4                HAL_ADC_MspInit
 .text.NMI_Handler
                0x000000000800096c        0xc Core/Src/stm32f1xx_it.o
                0x000000000800096c                NMI_Handler
 .text.HardFault_Handler
                0x0000000008000978        0x6 Core/Src/stm32f1xx_it.o
                0x0000000008000978                HardFault_Handler
 .text.MemManage_Handler
                0x000000000800097e        0x6 Core/Src/stm32f1xx_it.o
                0x000000000800097e                MemManage_Handler
 .text.BusFault_Handler
                0x0000000008000984        0x6 Core/Src/stm32f1xx_it.o
                0x0000000008000984                BusFault_Handler
 .text.UsageFault_Handler
                0x000000000800098a        0x6 Core/Src/stm32f1xx_it.o
                0x000000000800098a                UsageFault_Handler
 .text.SVC_Handler
                0x0000000008000990        0xc Core/Src/stm32f1xx_it.o
                0x0000000008000990                SVC_Handler
 .text.DebugMon_Handler
                0x000000000800099c        0xc Core/Src/stm32f1xx_it.o
                0x000000000800099c                DebugMon_Handler
 .text.PendSV_Handler
                0x00000000080009a8        0xc Core/Src/stm32f1xx_it.o
                0x00000000080009a8                PendSV_Handler
 .text.SysTick_Handler
                0x00000000080009b4        0xc Core/Src/stm32f1xx_it.o
                0x00000000080009b4                SysTick_Handler
 .text.EXTI0_IRQHandler
                0x00000000080009c0       0x28 Core/Src/stm32f1xx_it.o
                0x00000000080009c0                EXTI0_IRQHandler
 .text.SystemInit
                0x00000000080009e8        0xc Core/Src/system_stm32f1xx.o
                0x00000000080009e8                SystemInit
 .text.Reset_Handler
                0x00000000080009f4       0x48 Core/Startup/startup_stm32f103c6tx.o
                0x00000000080009f4                Reset_Handler
 .text.Default_Handler
                0x0000000008000a3c        0x2 Core/Startup/startup_stm32f103c6tx.o
                0x0000000008000a3c                RTC_Alarm_IRQHandler
                0x0000000008000a3c                EXTI2_IRQHandler
                0x0000000008000a3c                TIM1_CC_IRQHandler
                0x0000000008000a3c                PVD_IRQHandler
                0x0000000008000a3c                EXTI3_IRQHandler
                0x0000000008000a3c                ADC1_2_IRQHandler
                0x0000000008000a3c                SPI1_IRQHandler
                0x0000000008000a3c                TAMPER_IRQHandler
                0x0000000008000a3c                DMA1_Channel4_IRQHandler
                0x0000000008000a3c                RTC_IRQHandler
                0x0000000008000a3c                DMA1_Channel7_IRQHandler
                0x0000000008000a3c                CAN1_RX1_IRQHandler
                0x0000000008000a3c                I2C1_EV_IRQHandler
                0x0000000008000a3c                DMA1_Channel6_IRQHandler
                0x0000000008000a3c                TIM3_IRQHandler
                0x0000000008000a3c                RCC_IRQHandler
                0x0000000008000a3c                TIM1_TRG_COM_IRQHandler
                0x0000000008000a3c                DMA1_Channel1_IRQHandler
                0x0000000008000a3c                Default_Handler
                0x0000000008000a3c                EXTI15_10_IRQHandler
                0x0000000008000a3c                EXTI9_5_IRQHandler
                0x0000000008000a3c                DMA1_Channel5_IRQHandler
                0x0000000008000a3c                EXTI4_IRQHandler
                0x0000000008000a3c                USB_LP_CAN1_RX0_IRQHandler
                0x0000000008000a3c                USB_HP_CAN1_TX_IRQHandler
                0x0000000008000a3c                DMA1_Channel3_IRQHandler
                0x0000000008000a3c                TIM1_UP_IRQHandler
                0x0000000008000a3c                WWDG_IRQHandler
                0x0000000008000a3c                TIM2_IRQHandler
                0x0000000008000a3c                TIM1_BRK_IRQHandler
                0x0000000008000a3c                EXTI1_IRQHandler
                0x0000000008000a3c                USART2_IRQHandler
                0x0000000008000a3c                DMA1_Channel2_IRQHandler
                0x0000000008000a3c                CAN1_SCE_IRQHandler
                0x0000000008000a3c                FLASH_IRQHandler
                0x0000000008000a3c                USART1_IRQHandler
                0x0000000008000a3c                I2C1_ER_IRQHandler
                0x0000000008000a3c                USBWakeUp_IRQHandler
 *fill*         0x0000000008000a3e        0x2 
 .text.HAL_Init
                0x0000000008000a40       0x2c Drivers/STM32F1xx_HAL_Driver/Src/stm32f1xx_hal.o
                0x0000000008000a40                HAL_Init
 .text.HAL_InitTick
                0x0000000008000a6c       0x60 Drivers/STM32F1xx_HAL_Driver/Src/stm32f1xx_hal.o
                0x0000000008000a6c                HAL_InitTick
 .text.HAL_IncTick
                0x0000000008000acc       0x24 Drivers/STM32F1xx_HAL_Driver/Src/stm32f1xx_hal.o
                0x0000000008000acc                HAL_IncTick
 .text.HAL_GetTick
                0x0000000008000af0       0x14 Drivers/STM32F1xx_HAL_Driver/Src/stm32f1xx_hal.o
                0x0000000008000af0                HAL_GetTick
 .text.HAL_Delay
                0x0000000008000b04       0x44 Drivers/STM32F1xx_HAL_Driver/Src/stm32f1xx_hal.o
                0x0000000008000b04                HAL_Delay
 .text.HAL_ADC_Init
                0x0000000008000b48      0x1b0 Drivers/STM32F1xx_HAL_Driver/Src/stm32f1xx_hal_adc.o
                0x0000000008000b48                HAL_ADC_Init
 .text.HAL_ADC_Start
                0x0000000008000cf8      0x15c Drivers/STM32F1xx_HAL_Driver/Src/stm32f1xx_hal_adc.o
                0x0000000008000cf8                HAL_ADC_Start
 .text.HAL_ADC_Stop
                0x0000000008000e54       0x58 Drivers/STM32F1xx_HAL_Driver/Src/stm32f1xx_hal_adc.o
                0x0000000008000e54                HAL_ADC_Stop
 .text.HAL_ADC_PollForConversion
                0x0000000008000eac      0x20c Drivers/STM32F1xx_HAL_Driver/Src/stm32f1xx_hal_adc.o
                0x0000000008000eac                HAL_ADC_PollForConversion
 .text.HAL_ADC_GetValue
                0x00000000080010b8       0x18 Drivers/STM32F1xx_HAL_Driver/Src/stm32f1xx_hal_adc.o
                0x00000000080010b8                HAL_ADC_GetValue
 .text.HAL_ADC_ConfigChannel
                0x00000000080010d0      0x1f0 Drivers/STM32F1xx_HAL_Driver/Src/stm32f1xx_hal_adc.o
                0x00000000080010d0                HAL_ADC_ConfigChannel
 .text.ADC_Enable
                0x00000000080012c0       0xb4 Drivers/STM32F1xx_HAL_Driver/Src/stm32f1xx_hal_adc.o
                0x00000000080012c0                ADC_Enable
 .text.ADC_ConversionStop_Disable
                0x0000000008001374       0x82 Drivers/STM32F1xx_HAL_Driver/Src/stm32f1xx_hal_adc.o
                0x0000000008001374                ADC_ConversionStop_Disable
 *fill*         0x00000000080013f6        0x2 
 .text.__NVIC_SetPriorityGrouping
                0x00000000080013f8       0x48 Drivers/STM32F1xx_HAL_Driver/Src/stm32f1xx_hal_cortex.o
 .text.__NVIC_GetPriorityGrouping
                0x0000000008001440       0x1c Drivers/STM32F1xx_HAL_Driver/Src/stm32f1xx_hal_cortex.o
 .text.__NVIC_EnableIRQ
                0x000000000800145c       0x38 Drivers/STM32F1xx_HAL_Driver/Src/stm32f1xx_hal_cortex.o
 .text.__NVIC_SetPriority
                0x0000000008001494       0x54 Drivers/STM32F1xx_HAL_Driver/Src/stm32f1xx_hal_cortex.o
 .text.NVIC_EncodePriority
                0x00000000080014e8       0x64 Drivers/STM32F1xx_HAL_Driver/Src/stm32f1xx_hal_cortex.o
 .text.SysTick_Config
                0x000000000800154c       0x44 Drivers/STM32F1xx_HAL_Driver/Src/stm32f1xx_hal_cortex.o
 .text.HAL_NVIC_SetPriorityGrouping
                0x0000000008001590       0x16 Drivers/STM32F1xx_HAL_Driver/Src/stm32f1xx_hal_cortex.o
                0x0000000008001590                HAL_NVIC_SetPriorityGrouping
 .text.HAL_NVIC_SetPriority
                0x00000000080015a6       0x38 Drivers/STM32F1xx_HAL_Driver/Src/stm32f1xx_hal_cortex.o
                0x00000000080015a6                HAL_NVIC_SetPriority
 .text.HAL_NVIC_EnableIRQ
                0x00000000080015de       0x1c Drivers/STM32F1xx_HAL_Driver/Src/stm32f1xx_hal_cortex.o
                0x00000000080015de                HAL_NVIC_EnableIRQ
 .text.HAL_SYSTICK_Config
                0x00000000080015fa       0x18 Drivers/STM32F1xx_HAL_Driver/Src/stm32f1xx_hal_cortex.o
                0x00000000080015fa                HAL_SYSTICK_Config
 *fill*         0x0000000008001612        0x2 
 .text.HAL_GPIO_Init
                0x0000000008001614      0x2a4 Drivers/STM32F1xx_HAL_Driver/Src/stm32f1xx_hal_gpio.o
                0x0000000008001614                HAL_GPIO_Init
 .text.HAL_GPIO_ReadPin
                0x00000000080018b8       0x2e Drivers/STM32F1xx_HAL_Driver/Src/stm32f1xx_hal_gpio.o
                0x00000000080018b8                HAL_GPIO_ReadPin
 .text.HAL_GPIO_WritePin
                0x00000000080018e6       0x30 Drivers/STM32F1xx_HAL_Driver/Src/stm32f1xx_hal_gpio.o
                0x00000000080018e6                HAL_GPIO_WritePin
 *fill*         0x0000000008001916        0x2 
 .text.HAL_GPIO_EXTI_IRQHandler
                0x0000000008001918       0x30 Drivers/STM32F1xx_HAL_Driver/Src/stm32f1xx_hal_gpio.o
                0x0000000008001918                HAL_GPIO_EXTI_IRQHandler
 .text.HAL_GPIO_EXTI_Callback
                0x0000000008001948       0x14 Drivers/STM32F1xx_HAL_Driver/Src/stm32f1xx_hal_gpio.o
                0x0000000008001948                HAL_GPIO_EXTI_Callback
 .text.HAL_RCC_OscConfig
                0x000000000800195c      0x500 Drivers/STM32F1xx_HAL_Driver/Src/stm32f1xx_hal_rcc.o
                0x000000000800195c                HAL_RCC_OscConfig
 .text.HAL_RCC_ClockConfig
                0x0000000008001e5c      0x1d4 Drivers/STM32F1xx_HAL_Driver/Src/stm32f1xx_hal_rcc.o
                0x0000000008001e5c                HAL_RCC_ClockConfig
 .text.HAL_RCC_GetSysClockFreq
                0x0000000008002030       0xc4 Drivers/STM32F1xx_HAL_Driver/Src/stm32f1xx_hal_rcc.o
                0x0000000008002030                HAL_RCC_GetSysClockFreq
 .text.HAL_RCC_GetHCLKFreq
                0x00000000080020f4       0x14 Drivers/STM32F1xx_HAL_Driver/Src/stm32f1xx_hal_rcc.o
                0x00000000080020f4                HAL_RCC_GetHCLKFreq
 .text.HAL_RCC_GetPCLK2Freq
                0x0000000008002108       0x28 Drivers/STM32F1xx_HAL_Driver/Src/stm32f1xx_hal_rcc.o
                0x0000000008002108                HAL_RCC_GetPCLK2Freq
 .text.RCC_Delay
                0x0000000008002130       0x3c Drivers/STM32F1xx_HAL_Driver/Src/stm32f1xx_hal_rcc.o
 .text.HAL_RCCEx_PeriphCLKConfig
                0x000000000800216c      0x16c Drivers/STM32F1xx_HAL_Driver/Src/stm32f1xx_hal_rcc_ex.o
                0x000000000800216c                HAL_RCCEx_PeriphCLKConfig
 .text.HAL_RCCEx_GetPeriphCLKFreq
                0x00000000080022d8      0x178 Drivers/STM32F1xx_HAL_Driver/Src/stm32f1xx_hal_rcc_ex.o
                0x00000000080022d8                HAL_RCCEx_GetPeriphCLKFreq
 .text.__libc_init_array
                0x0000000008002450       0x48 c:/st/stm32cubeide_1.3.0/stm32cubeide/plugins/com.st.stm32cube.ide.mcu.externaltools.gnu-tools-for-stm32.7-2018-q2-update.win32_1.0.0.201904181610/tools/bin/../lib/gcc/arm-none-eabi/7.3.1/../../../../arm-none-eabi/lib/thumb/v7-m\libc_nano.a(lib_a-init.o)
                0x0000000008002450                __libc_init_array
 .text.memset   0x0000000008002498       0x10 c:/st/stm32cubeide_1.3.0/stm32cubeide/plugins/com.st.stm32cube.ide.mcu.externaltools.gnu-tools-for-stm32.7-2018-q2-update.win32_1.0.0.201904181610/tools/bin/../lib/gcc/arm-none-eabi/7.3.1/../../../../arm-none-eabi/lib/thumb/v7-m\libc_nano.a(lib_a-memset.o)
                0x0000000008002498                memset
 *(.glue_7)
 .glue_7        0x00000000080024a8        0x0 linker stubs
 *(.glue_7t)
 .glue_7t       0x00000000080024a8        0x0 linker stubs
 *(.eh_frame)
 .eh_frame      0x00000000080024a8        0x0 c:/st/stm32cubeide_1.3.0/stm32cubeide/plugins/com.st.stm32cube.ide.mcu.externaltools.gnu-tools-for-stm32.7-2018-q2-update.win32_1.0.0.201904181610/tools/bin/../lib/gcc/arm-none-eabi/7.3.1/thumb/v7-m/crtbegin.o
 *(.init)
 .init          0x00000000080024a8        0x4 c:/st/stm32cubeide_1.3.0/stm32cubeide/plugins/com.st.stm32cube.ide.mcu.externaltools.gnu-tools-for-stm32.7-2018-q2-update.win32_1.0.0.201904181610/tools/bin/../lib/gcc/arm-none-eabi/7.3.1/thumb/v7-m/crti.o
                0x00000000080024a8                _init
 .init          0x00000000080024ac        0x8 c:/st/stm32cubeide_1.3.0/stm32cubeide/plugins/com.st.stm32cube.ide.mcu.externaltools.gnu-tools-for-stm32.7-2018-q2-update.win32_1.0.0.201904181610/tools/bin/../lib/gcc/arm-none-eabi/7.3.1/thumb/v7-m/crtn.o
 *(.fini)
 .fini          0x00000000080024b4        0x4 c:/st/stm32cubeide_1.3.0/stm32cubeide/plugins/com.st.stm32cube.ide.mcu.externaltools.gnu-tools-for-stm32.7-2018-q2-update.win32_1.0.0.201904181610/tools/bin/../lib/gcc/arm-none-eabi/7.3.1/thumb/v7-m/crti.o
                0x00000000080024b4                _fini
 .fini          0x00000000080024b8        0x8 c:/st/stm32cubeide_1.3.0/stm32cubeide/plugins/com.st.stm32cube.ide.mcu.externaltools.gnu-tools-for-stm32.7-2018-q2-update.win32_1.0.0.201904181610/tools/bin/../lib/gcc/arm-none-eabi/7.3.1/thumb/v7-m/crtn.o
                0x00000000080024c0                . = ALIGN (0x4)
                0x00000000080024c0                _etext = .

.vfp11_veneer   0x00000000080024c0        0x0
 .vfp11_veneer  0x00000000080024c0        0x0 linker stubs

.v4_bx          0x00000000080024c0        0x0
 .v4_bx         0x00000000080024c0        0x0 linker stubs

.iplt           0x00000000080024c0        0x0
 .iplt          0x00000000080024c0        0x0 c:/st/stm32cubeide_1.3.0/stm32cubeide/plugins/com.st.stm32cube.ide.mcu.externaltools.gnu-tools-for-stm32.7-2018-q2-update.win32_1.0.0.201904181610/tools/bin/../lib/gcc/arm-none-eabi/7.3.1/thumb/v7-m/crtbegin.o

.rodata         0x00000000080024c0       0x40
                0x00000000080024c0                . = ALIGN (0x4)
 *(.rodata)
 .rodata        0x00000000080024c0       0x12 Drivers/STM32F1xx_HAL_Driver/Src/stm32f1xx_hal_rcc.o
 *fill*         0x00000000080024d2        0x2 
 .rodata        0x00000000080024d4       0x12 Drivers/STM32F1xx_HAL_Driver/Src/stm32f1xx_hal_rcc_ex.o
 *(.rodata*)
 *fill*         0x00000000080024e6        0x2 
 .rodata.AHBPrescTable
                0x00000000080024e8       0x10 Core/Src/system_stm32f1xx.o
                0x00000000080024e8                AHBPrescTable
 .rodata.APBPrescTable
                0x00000000080024f8        0x8 Core/Src/system_stm32f1xx.o
                0x00000000080024f8                APBPrescTable
                0x0000000008002500                . = ALIGN (0x4)

.rel.dyn        0x0000000008002500        0x0
 .rel.iplt      0x0000000008002500        0x0 c:/st/stm32cubeide_1.3.0/stm32cubeide/plugins/com.st.stm32cube.ide.mcu.externaltools.gnu-tools-for-stm32.7-2018-q2-update.win32_1.0.0.201904181610/tools/bin/../lib/gcc/arm-none-eabi/7.3.1/thumb/v7-m/crtbegin.o

.ARM.extab      0x0000000008002500        0x0
                0x0000000008002500                . = ALIGN (0x4)
 *(.ARM.extab* .gnu.linkonce.armextab.*)
                0x0000000008002500                . = ALIGN (0x4)

.ARM            0x0000000008002500        0x0
                0x0000000008002500                . = ALIGN (0x4)
                0x0000000008002500                __exidx_start = .
 *(.ARM.exidx*)
                0x0000000008002500                __exidx_end = .
                0x0000000008002500                . = ALIGN (0x4)

.preinit_array  0x0000000008002500        0x0
                0x0000000008002500                . = ALIGN (0x4)
                0x0000000008002500                PROVIDE (__preinit_array_start = .)
 *(.preinit_array*)
                0x0000000008002500                PROVIDE (__preinit_array_end = .)
                0x0000000008002500                . = ALIGN (0x4)

.init_array     0x0000000008002500        0x4
                0x0000000008002500                . = ALIGN (0x4)
                0x0000000008002500                PROVIDE (__init_array_start = .)
 *(SORT_BY_NAME(.init_array.*))
 *(.init_array*)
 .init_array    0x0000000008002500        0x4 c:/st/stm32cubeide_1.3.0/stm32cubeide/plugins/com.st.stm32cube.ide.mcu.externaltools.gnu-tools-for-stm32.7-2018-q2-update.win32_1.0.0.201904181610/tools/bin/../lib/gcc/arm-none-eabi/7.3.1/thumb/v7-m/crtbegin.o
                0x0000000008002504                PROVIDE (__init_array_end = .)
                0x0000000008002504                . = ALIGN (0x4)

.fini_array     0x0000000008002504        0x4
                0x0000000008002504                . = ALIGN (0x4)
                [!provide]                        PROVIDE (__fini_array_start = .)
 *(SORT_BY_NAME(.fini_array.*))
 *(.fini_array*)
 .fini_array    0x0000000008002504        0x4 c:/st/stm32cubeide_1.3.0/stm32cubeide/plugins/com.st.stm32cube.ide.mcu.externaltools.gnu-tools-for-stm32.7-2018-q2-update.win32_1.0.0.201904181610/tools/bin/../lib/gcc/arm-none-eabi/7.3.1/thumb/v7-m/crtbegin.o
                [!provide]                        PROVIDE (__fini_array_end = .)
                0x0000000008002508                . = ALIGN (0x4)
                0x0000000008002508                _sidata = LOADADDR (.data)

.data           0x0000000020000000        0xc load address 0x0000000008002508
                0x0000000020000000                . = ALIGN (0x4)
                0x0000000020000000                _sdata = .
 *(.data)
 *(.data*)
 .data.SystemCoreClock
                0x0000000020000000        0x4 Core/Src/system_stm32f1xx.o
                0x0000000020000000                SystemCoreClock
 .data.uwTickPrio
                0x0000000020000004        0x4 Drivers/STM32F1xx_HAL_Driver/Src/stm32f1xx_hal.o
                0x0000000020000004                uwTickPrio
 .data.uwTickFreq
                0x0000000020000008        0x1 Drivers/STM32F1xx_HAL_Driver/Src/stm32f1xx_hal.o
                0x0000000020000008                uwTickFreq
                0x000000002000000c                . = ALIGN (0x4)
 *fill*         0x0000000020000009        0x3 
                0x000000002000000c                _edata = .

.igot.plt       0x000000002000000c        0x0 load address 0x0000000008002514
 .igot.plt      0x000000002000000c        0x0 c:/st/stm32cubeide_1.3.0/stm32cubeide/plugins/com.st.stm32cube.ide.mcu.externaltools.gnu-tools-for-stm32.7-2018-q2-update.win32_1.0.0.201904181610/tools/bin/../lib/gcc/arm-none-eabi/7.3.1/thumb/v7-m/crtbegin.o
                0x000000002000000c                . = ALIGN (0x4)

.bss            0x000000002000000c       0x58 load address 0x0000000008002514
                0x000000002000000c                _sbss = .
                0x000000002000000c                __bss_start__ = _sbss
 *(.bss)
 .bss           0x000000002000000c       0x1c c:/st/stm32cubeide_1.3.0/stm32cubeide/plugins/com.st.stm32cube.ide.mcu.externaltools.gnu-tools-for-stm32.7-2018-q2-update.win32_1.0.0.201904181610/tools/bin/../lib/gcc/arm-none-eabi/7.3.1/thumb/v7-m/crtbegin.o
 *(.bss*)
 *(COMMON)
 COMMON         0x0000000020000028       0x38 Core/Src/main.o
                0x0000000020000028                adcResultX
                0x000000002000002c                hadc1
                0x000000002000005c                adcResultY
 COMMON         0x0000000020000060        0x4 Drivers/STM32F1xx_HAL_Driver/Src/stm32f1xx_hal.o
                0x0000000020000060                uwTick
                0x0000000020000064                . = ALIGN (0x4)
                0x0000000020000064                _ebss = .
                0x0000000020000064                __bss_end__ = _ebss

._user_heap_stack
                0x0000000020000064      0x604 load address 0x0000000008002514
                0x0000000020000068                . = ALIGN (0x8)
 *fill*         0x0000000020000064        0x4 
                0x0000000020000068                PROVIDE (end = .)
                [!provide]                        PROVIDE (_end = .)
                0x0000000020000268                . = (. + _Min_Heap_Size)
 *fill*         0x0000000020000068      0x200 
                0x0000000020000668                . = (. + _Min_Stack_Size)
 *fill*         0x0000000020000268      0x400 
                0x0000000020000668                . = ALIGN (0x8)

/DISCARD/
 libc.a(*)
 libm.a(*)
 libgcc.a(*)

.ARM.attributes
                0x0000000000000000       0x29
 *(.ARM.attributes)
 .ARM.attributes
                0x0000000000000000       0x1d c:/st/stm32cubeide_1.3.0/stm32cubeide/plugins/com.st.stm32cube.ide.mcu.externaltools.gnu-tools-for-stm32.7-2018-q2-update.win32_1.0.0.201904181610/tools/bin/../lib/gcc/arm-none-eabi/7.3.1/thumb/v7-m/crti.o
 .ARM.attributes
                0x000000000000001d       0x2d c:/st/stm32cubeide_1.3.0/stm32cubeide/plugins/com.st.stm32cube.ide.mcu.externaltools.gnu-tools-for-stm32.7-2018-q2-update.win32_1.0.0.201904181610/tools/bin/../lib/gcc/arm-none-eabi/7.3.1/thumb/v7-m/crtbegin.o
 .ARM.attributes
                0x000000000000004a       0x33 Core/Src/main.o
 .ARM.attributes
                0x000000000000007d       0x33 Core/Src/stm32f1xx_hal_msp.o
 .ARM.attributes
                0x00000000000000b0       0x33 Core/Src/stm32f1xx_it.o
 .ARM.attributes
                0x00000000000000e3       0x33 Core/Src/system_stm32f1xx.o
 .ARM.attributes
                0x0000000000000116       0x21 Core/Startup/startup_stm32f103c6tx.o
 .ARM.attributes
                0x0000000000000137       0x33 Drivers/STM32F1xx_HAL_Driver/Src/stm32f1xx_hal.o
 .ARM.attributes
                0x000000000000016a       0x33 Drivers/STM32F1xx_HAL_Driver/Src/stm32f1xx_hal_adc.o
 .ARM.attributes
                0x000000000000019d       0x33 Drivers/STM32F1xx_HAL_Driver/Src/stm32f1xx_hal_cortex.o
 .ARM.attributes
                0x00000000000001d0       0x33 Drivers/STM32F1xx_HAL_Driver/Src/stm32f1xx_hal_gpio.o
 .ARM.attributes
                0x0000000000000203       0x33 Drivers/STM32F1xx_HAL_Driver/Src/stm32f1xx_hal_rcc.o
 .ARM.attributes
                0x0000000000000236       0x33 Drivers/STM32F1xx_HAL_Driver/Src/stm32f1xx_hal_rcc_ex.o
 .ARM.attributes
                0x0000000000000269       0x2d c:/st/stm32cubeide_1.3.0/stm32cubeide/plugins/com.st.stm32cube.ide.mcu.externaltools.gnu-tools-for-stm32.7-2018-q2-update.win32_1.0.0.201904181610/tools/bin/../lib/gcc/arm-none-eabi/7.3.1/../../../../arm-none-eabi/lib/thumb/v7-m\libc_nano.a(lib_a-init.o)
 .ARM.attributes
                0x0000000000000296       0x2d c:/st/stm32cubeide_1.3.0/stm32cubeide/plugins/com.st.stm32cube.ide.mcu.externaltools.gnu-tools-for-stm32.7-2018-q2-update.win32_1.0.0.201904181610/tools/bin/../lib/gcc/arm-none-eabi/7.3.1/../../../../arm-none-eabi/lib/thumb/v7-m\libc_nano.a(lib_a-memset.o)
 .ARM.attributes
                0x00000000000002c3       0x1d c:/st/stm32cubeide_1.3.0/stm32cubeide/plugins/com.st.stm32cube.ide.mcu.externaltools.gnu-tools-for-stm32.7-2018-q2-update.win32_1.0.0.201904181610/tools/bin/../lib/gcc/arm-none-eabi/7.3.1/thumb/v7-m/crtn.o
OUTPUT(robotska-ruka.elf elf32-littlearm)

.debug_info     0x0000000000000000     0x4b4b
 .debug_info    0x0000000000000000      0xc39 Core/Src/main.o
 .debug_info    0x0000000000000c39      0x831 Core/Src/stm32f1xx_hal_msp.o
 .debug_info    0x000000000000146a      0x2a2 Core/Src/stm32f1xx_it.o
 .debug_info    0x000000000000170c      0x29a Core/Src/system_stm32f1xx.o
 .debug_info    0x00000000000019a6       0x22 Core/Startup/startup_stm32f103c6tx.o
 .debug_info    0x00000000000019c8      0x6f6 Drivers/STM32F1xx_HAL_Driver/Src/stm32f1xx_hal.o
 .debug_info    0x00000000000020be      0xc6c Drivers/STM32F1xx_HAL_Driver/Src/stm32f1xx_hal_adc.o
 .debug_info    0x0000000000002d2a      0xb33 Drivers/STM32F1xx_HAL_Driver/Src/stm32f1xx_hal_cortex.o
 .debug_info    0x000000000000385d      0x69b Drivers/STM32F1xx_HAL_Driver/Src/stm32f1xx_hal_gpio.o
 .debug_info    0x0000000000003ef8      0x80f Drivers/STM32F1xx_HAL_Driver/Src/stm32f1xx_hal_rcc.o
 .debug_info    0x0000000000004707      0x444 Drivers/STM32F1xx_HAL_Driver/Src/stm32f1xx_hal_rcc_ex.o

.debug_abbrev   0x0000000000000000     0x1204
 .debug_abbrev  0x0000000000000000      0x24b Core/Src/main.o
 .debug_abbrev  0x000000000000024b      0x18c Core/Src/stm32f1xx_hal_msp.o
 .debug_abbrev  0x00000000000003d7       0xfe Core/Src/stm32f1xx_it.o
 .debug_abbrev  0x00000000000004d5      0x134 Core/Src/system_stm32f1xx.o
 .debug_abbrev  0x0000000000000609       0x12 Core/Startup/startup_stm32f103c6tx.o
 .debug_abbrev  0x000000000000061b      0x1c7 Drivers/STM32F1xx_HAL_Driver/Src/stm32f1xx_hal.o
 .debug_abbrev  0x00000000000007e2      0x1d5 Drivers/STM32F1xx_HAL_Driver/Src/stm32f1xx_hal_adc.o
 .debug_abbrev  0x00000000000009b7      0x2d5 Drivers/STM32F1xx_HAL_Driver/Src/stm32f1xx_hal_cortex.o
 .debug_abbrev  0x0000000000000c8c      0x1c0 Drivers/STM32F1xx_HAL_Driver/Src/stm32f1xx_hal_gpio.o
 .debug_abbrev  0x0000000000000e4c      0x243 Drivers/STM32F1xx_HAL_Driver/Src/stm32f1xx_hal_rcc.o
 .debug_abbrev  0x000000000000108f      0x175 Drivers/STM32F1xx_HAL_Driver/Src/stm32f1xx_hal_rcc_ex.o

.debug_aranges  0x0000000000000000      0x548
 .debug_aranges
                0x0000000000000000       0x78 Core/Src/main.o
 .debug_aranges
                0x0000000000000078       0x30 Core/Src/stm32f1xx_hal_msp.o
 .debug_aranges
                0x00000000000000a8       0x68 Core/Src/stm32f1xx_it.o
 .debug_aranges
                0x0000000000000110       0x28 Core/Src/system_stm32f1xx.o
 .debug_aranges
                0x0000000000000138       0x28 Core/Startup/startup_stm32f103c6tx.o
 .debug_aranges
                0x0000000000000160       0xe0 Drivers/STM32F1xx_HAL_Driver/Src/stm32f1xx_hal.o
 .debug_aranges
                0x0000000000000240       0xf0 Drivers/STM32F1xx_HAL_Driver/Src/stm32f1xx_hal_adc.o
 .debug_aranges
                0x0000000000000330      0x100 Drivers/STM32F1xx_HAL_Driver/Src/stm32f1xx_hal_cortex.o
 .debug_aranges
                0x0000000000000430       0x58 Drivers/STM32F1xx_HAL_Driver/Src/stm32f1xx_hal_gpio.o
 .debug_aranges
                0x0000000000000488       0x90 Drivers/STM32F1xx_HAL_Driver/Src/stm32f1xx_hal_rcc.o
 .debug_aranges
                0x0000000000000518       0x30 Drivers/STM32F1xx_HAL_Driver/Src/stm32f1xx_hal_rcc_ex.o

.debug_ranges   0x0000000000000000      0x4a0
 .debug_ranges  0x0000000000000000       0x68 Core/Src/main.o
 .debug_ranges  0x0000000000000068       0x20 Core/Src/stm32f1xx_hal_msp.o
 .debug_ranges  0x0000000000000088       0x58 Core/Src/stm32f1xx_it.o
 .debug_ranges  0x00000000000000e0       0x18 Core/Src/system_stm32f1xx.o
 .debug_ranges  0x00000000000000f8       0x20 Core/Startup/startup_stm32f103c6tx.o
 .debug_ranges  0x0000000000000118       0xd0 Drivers/STM32F1xx_HAL_Driver/Src/stm32f1xx_hal.o
 .debug_ranges  0x00000000000001e8       0xe0 Drivers/STM32F1xx_HAL_Driver/Src/stm32f1xx_hal_adc.o
 .debug_ranges  0x00000000000002c8       0xf0 Drivers/STM32F1xx_HAL_Driver/Src/stm32f1xx_hal_cortex.o
 .debug_ranges  0x00000000000003b8       0x48 Drivers/STM32F1xx_HAL_Driver/Src/stm32f1xx_hal_gpio.o
 .debug_ranges  0x0000000000000400       0x80 Drivers/STM32F1xx_HAL_Driver/Src/stm32f1xx_hal_rcc.o
 .debug_ranges  0x0000000000000480       0x20 Drivers/STM32F1xx_HAL_Driver/Src/stm32f1xx_hal_rcc_ex.o

.debug_macro    0x0000000000000000    0x15f39
 .debug_macro   0x0000000000000000      0x225 Core/Src/main.o
 .debug_macro   0x0000000000000225      0xa5a Core/Src/main.o
 .debug_macro   0x0000000000000c7f      0x215 Core/Src/main.o
 .debug_macro   0x0000000000000e94       0x2e Core/Src/main.o
 .debug_macro   0x0000000000000ec2       0x22 Core/Src/main.o
 .debug_macro   0x0000000000000ee4       0x22 Core/Src/main.o
 .debug_macro   0x0000000000000f06       0x8e Core/Src/main.o
 .debug_macro   0x0000000000000f94       0x51 Core/Src/main.o
 .debug_macro   0x0000000000000fe5       0xef Core/Src/main.o
 .debug_macro   0x00000000000010d4       0x6a Core/Src/main.o
 .debug_macro   0x000000000000113e      0x1df Core/Src/main.o
 .debug_macro   0x000000000000131d       0x1c Core/Src/main.o
 .debug_macro   0x0000000000001339       0x22 Core/Src/main.o
 .debug_macro   0x000000000000135b       0xc3 Core/Src/main.o
 .debug_macro   0x000000000000141e      0xd23 Core/Src/main.o
 .debug_macro   0x0000000000002141     0xde75 Core/Src/main.o
 .debug_macro   0x000000000000ffb6       0x6d Core/Src/main.o
 .debug_macro   0x0000000000010023     0x3468 Core/Src/main.o
 .debug_macro   0x000000000001348b      0x174 Core/Src/main.o
 .debug_macro   0x00000000000135ff       0x5c Core/Src/main.o
 .debug_macro   0x000000000001365b      0x5be Core/Src/main.o
 .debug_macro   0x0000000000013c19      0x1b7 Core/Src/main.o
 .debug_macro   0x0000000000013dd0      0x1cb Core/Src/main.o
 .debug_macro   0x0000000000013f9b      0x114 Core/Src/main.o
 .debug_macro   0x00000000000140af      0x1b2 Core/Src/main.o
 .debug_macro   0x0000000000014261       0x27 Core/Src/main.o
 .debug_macro   0x0000000000014288      0x12f Core/Src/main.o
 .debug_macro   0x00000000000143b7      0x1bc Core/Src/main.o
 .debug_macro   0x0000000000014573       0x34 Core/Src/main.o
 .debug_macro   0x00000000000145a7       0x3c Core/Src/main.o
 .debug_macro   0x00000000000145e3       0x57 Core/Src/main.o
 .debug_macro   0x000000000001463a      0x46a Core/Src/main.o
 .debug_macro   0x0000000000014aa4      0x1b5 Core/Src/main.o
 .debug_macro   0x0000000000014c59       0x88 Core/Src/main.o
 .debug_macro   0x0000000000014ce1      0x183 Core/Src/main.o
 .debug_macro   0x0000000000014e64      0x141 Core/Src/main.o
 .debug_macro   0x0000000000014fa5       0x69 Core/Src/main.o
 .debug_macro   0x000000000001500e      0x1a1 Core/Src/stm32f1xx_hal_msp.o
 .debug_macro   0x00000000000151af      0x1ab Core/Src/stm32f1xx_it.o
 .debug_macro   0x000000000001535a      0x197 Core/Src/system_stm32f1xx.o
 .debug_macro   0x00000000000154f1      0x1bb Drivers/STM32F1xx_HAL_Driver/Src/stm32f1xx_hal.o
 .debug_macro   0x00000000000156ac      0x1b4 Drivers/STM32F1xx_HAL_Driver/Src/stm32f1xx_hal_adc.o
 .debug_macro   0x0000000000015860      0x197 Drivers/STM32F1xx_HAL_Driver/Src/stm32f1xx_hal_cortex.o
 .debug_macro   0x00000000000159f7      0x202 Drivers/STM32F1xx_HAL_Driver/Src/stm32f1xx_hal_gpio.o
 .debug_macro   0x0000000000015bf9      0x1a9 Drivers/STM32F1xx_HAL_Driver/Src/stm32f1xx_hal_rcc.o
 .debug_macro   0x0000000000015da2      0x197 Drivers/STM32F1xx_HAL_Driver/Src/stm32f1xx_hal_rcc_ex.o

.debug_line     0x0000000000000000     0x51a5
 .debug_line    0x0000000000000000      0x7e6 Core/Src/main.o
 .debug_line    0x00000000000007e6      0x68c Core/Src/stm32f1xx_hal_msp.o
 .debug_line    0x0000000000000e72      0x717 Core/Src/stm32f1xx_it.o
 .debug_line    0x0000000000001589      0x687 Core/Src/system_stm32f1xx.o
 .debug_line    0x0000000000001c10       0x87 Core/Startup/startup_stm32f103c6tx.o
 .debug_line    0x0000000000001c97      0x83a Drivers/STM32F1xx_HAL_Driver/Src/stm32f1xx_hal.o
 .debug_line    0x00000000000024d1      0xb8f Drivers/STM32F1xx_HAL_Driver/Src/stm32f1xx_hal_adc.o
 .debug_line    0x0000000000003060      0x911 Drivers/STM32F1xx_HAL_Driver/Src/stm32f1xx_hal_cortex.o
 .debug_line    0x0000000000003971      0x822 Drivers/STM32F1xx_HAL_Driver/Src/stm32f1xx_hal_gpio.o
 .debug_line    0x0000000000004193      0x8fa Drivers/STM32F1xx_HAL_Driver/Src/stm32f1xx_hal_rcc.o
 .debug_line    0x0000000000004a8d      0x718 Drivers/STM32F1xx_HAL_Driver/Src/stm32f1xx_hal_rcc_ex.o

.debug_str      0x0000000000000000    0x7e9fe
 .debug_str     0x0000000000000000    0x7d88c Core/Src/main.o
                                      0x7dca3 (size before relaxing)
 .debug_str     0x000000000007d88c       0x81 Core/Src/stm32f1xx_hal_msp.o
                                      0x7d629 (size before relaxing)
 .debug_str     0x000000000007d90d       0xce Core/Src/stm32f1xx_it.o
                                      0x7d300 (size before relaxing)
 .debug_str     0x000000000007d9db       0x52 Core/Src/system_stm32f1xx.o
                                      0x7d294 (size before relaxing)
 .debug_str     0x000000000007da2d       0x36 Core/Startup/startup_stm32f103c6tx.o
                                         0x76 (size before relaxing)
 .debug_str     0x000000000007da63      0x304 Drivers/STM32F1xx_HAL_Driver/Src/stm32f1xx_hal.o
                                      0x7d8eb (size before relaxing)
 .debug_str     0x000000000007dd67      0x36b Drivers/STM32F1xx_HAL_Driver/Src/stm32f1xx_hal_adc.o
                                      0x7d924 (size before relaxing)
 .debug_str     0x000000000007e0d2      0x300 Drivers/STM32F1xx_HAL_Driver/Src/stm32f1xx_hal_cortex.o
                                      0x7d8f3 (size before relaxing)
 .debug_str     0x000000000007e3d2      0x324 Drivers/STM32F1xx_HAL_Driver/Src/stm32f1xx_hal_gpio.o
                                      0x7d658 (size before relaxing)
 .debug_str     0x000000000007e6f6      0x24f Drivers/STM32F1xx_HAL_Driver/Src/stm32f1xx_hal_rcc.o
                                      0x7d691 (size before relaxing)
 .debug_str     0x000000000007e945       0xb9 Drivers/STM32F1xx_HAL_Driver/Src/stm32f1xx_hal_rcc_ex.o
                                      0x7d41e (size before relaxing)

.comment        0x0000000000000000       0x7b
 .comment       0x0000000000000000       0x7b Core/Src/main.o
                                         0x7c (size before relaxing)
 .comment       0x000000000000007b       0x7c Core/Src/stm32f1xx_hal_msp.o
 .comment       0x000000000000007b       0x7c Core/Src/stm32f1xx_it.o
 .comment       0x000000000000007b       0x7c Core/Src/system_stm32f1xx.o
 .comment       0x000000000000007b       0x7c Drivers/STM32F1xx_HAL_Driver/Src/stm32f1xx_hal.o
 .comment       0x000000000000007b       0x7c Drivers/STM32F1xx_HAL_Driver/Src/stm32f1xx_hal_adc.o
 .comment       0x000000000000007b       0x7c Drivers/STM32F1xx_HAL_Driver/Src/stm32f1xx_hal_cortex.o
 .comment       0x000000000000007b       0x7c Drivers/STM32F1xx_HAL_Driver/Src/stm32f1xx_hal_gpio.o
 .comment       0x000000000000007b       0x7c Drivers/STM32F1xx_HAL_Driver/Src/stm32f1xx_hal_rcc.o
 .comment       0x000000000000007b       0x7c Drivers/STM32F1xx_HAL_Driver/Src/stm32f1xx_hal_rcc_ex.o

.debug_frame    0x0000000000000000     0x1350
 .debug_frame   0x0000000000000000      0x1b0 Core/Src/main.o
 .debug_frame   0x00000000000001b0       0x80 Core/Src/stm32f1xx_hal_msp.o
 .debug_frame   0x0000000000000230      0x128 Core/Src/stm32f1xx_it.o
 .debug_frame   0x0000000000000358       0x58 Core/Src/system_stm32f1xx.o
 .debug_frame   0x00000000000003b0      0x334 Drivers/STM32F1xx_HAL_Driver/Src/stm32f1xx_hal.o
 .debug_frame   0x00000000000006e4      0x40c Drivers/STM32F1xx_HAL_Driver/Src/stm32f1xx_hal_adc.o
 .debug_frame   0x0000000000000af0      0x428 Drivers/STM32F1xx_HAL_Driver/Src/stm32f1xx_hal_cortex.o
 .debug_frame   0x0000000000000f18      0x14c Drivers/STM32F1xx_HAL_Driver/Src/stm32f1xx_hal_gpio.o
 .debug_frame   0x0000000000001064      0x21c Drivers/STM32F1xx_HAL_Driver/Src/stm32f1xx_hal_rcc.o
 .debug_frame   0x0000000000001280       0x84 Drivers/STM32F1xx_HAL_Driver/Src/stm32f1xx_hal_rcc_ex.o
 .debug_frame   0x0000000000001304       0x2c c:/st/stm32cubeide_1.3.0/stm32cubeide/plugins/com.st.stm32cube.ide.mcu.externaltools.gnu-tools-for-stm32.7-2018-q2-update.win32_1.0.0.201904181610/tools/bin/../lib/gcc/arm-none-eabi/7.3.1/../../../../arm-none-eabi/lib/thumb/v7-m\libc_nano.a(lib_a-init.o)
 .debug_frame   0x0000000000001330       0x20 c:/st/stm32cubeide_1.3.0/stm32cubeide/plugins/com.st.stm32cube.ide.mcu.externaltools.gnu-tools-for-stm32.7-2018-q2-update.win32_1.0.0.201904181610/tools/bin/../lib/gcc/arm-none-eabi/7.3.1/../../../../arm-none-eabi/lib/thumb/v7-m\libc_nano.a(lib_a-memset.o)
